Program Version,EnergyPlus, Version 26.1.0-6f2e40d102, YMD=2026.06.16 14:17,
   ************* Beginning Zone Sizing Calculations
   ** Warning ** CheckUsedConstructions: There are 21 nominally unused constructions in input.
   **   ~~~   ** For explicit details on each unused construction, use Output:Diagnostics,DisplayExtraWarnings;
   ************* Beginning System Sizing Calculations
   ************* Beginning Plant Sizing Calculations
   ** Warning ** Water heater = SHWSYS1 WATER HEATER:  Recovery Efficiency and Energy Factor could not be calculated during the test for standard ratings
   **   ~~~   ** Setpoint was never recovered and/or heater never turned on
   ** Warning ** Output:Meter: invalid Key Name="HUMIDIFIER:ELECTRICITY" - not found.
   ** Warning ** Output:Meter: invalid Key Name="DEHUMIDIFIER:ELECTRICITY" - not found.
   ** Warning ** Output:Meter:MeterFileOnly requested for "InteriorLights:Electricity" (Hourly), already on "Output:Meter". Will report to both eplusout.eso and eplusout.mtr
   ** Warning ** Output:Meter:MeterFileOnly requested for "InteriorEquipment:Electricity" (Hourly), already on "Output:Meter". Will report to both eplusout.eso and eplusout.mtr
   ************* Testing Individual Branch Integrity
   ************* All Branches passed integrity testing
   ************* Testing Individual Supply Air Path Integrity
   ************* All Supply Air Paths passed integrity testing
   ************* Testing Individual Return Air Path Integrity
   ************* All Return Air Paths passed integrity testing
   ************* No node connection errors were found.
   ************* Beginning Simulation
   ** Warning ** Processing Monthly Tabular Reports: Variable names not valid for this simulation
   **   ~~~   ** ...use Output:Diagnostics,DisplayExtraWarnings; to show more details on individual variables.
   ** Warning ** GlycolProps::getDensity: Temperature is out of range (too low) for fluid [WATER] density **
   **   ~~~   ** ..Called From:CalculateWaterUsage,Temperature=[-0.87], supplied data range=[0.00,100.00]
   **   ~~~   **  Environment=RUNPERIOD 1, at Simulation time=01/06 11:15 - 11:30
   ** Warning ** Temperature out of range [-100. to 200.] (PsyPsatFnTemp)
   **   ~~~   **  Routine=PsyTwbFnTdbWPb, Environment=RUNPERIOD 1, at Simulation time=03/13 10:15 - 10:30
   **   ~~~   **  Input Temperature=-692.91
   ** Warning ** WetBulb not converged after 101 iterations(PsyTwbFnTdbWPb)
   **   ~~~   **  Routine=Unknown, Environment=RUNPERIOD 1, at Simulation time=03/14 11:45 - 12:00
   **   ~~~   **  Input Temperature = 6.69
   **   ~~~   **  Input Humidity Ratio= 1.927576E-003
   **   ~~~   **  Input Pressure = 82600.00
   **   ~~~   **  Resultant Temperature= 5.56E-003
   ************* Simulation Error Summary *************
   ************* There are 19 unused schedules in input.
   ************* Use Output:Diagnostics,DisplayUnusedSchedules; to see them.
   *************
   ************* ===== Recurring Error Summary =====
   ************* The following recurring error messages occurred.
   *************
   *************  ** Warning ** Actual air mass flow rate is smaller than 25% of water-to-air heat pump coil rated air flow rate.
   *************  **   ~~~   **   This error occurred 42176234 total times;
   *************  **   ~~~   **   during Warmup 1826286 times;
   *************  **   ~~~   **   during Sizing 0 times.
   *************  **   ~~~   **   Max=0.089314  Min=0.000204
   *************
   *************  ** Warning ** Plant loop exceeding upper temperature limit, PlantLoop="SHWSYS1"
   *************  **   ~~~   **   This error occurred 1910 total times;
   *************  **   ~~~   **   during Warmup 34 times;
   *************  **   ~~~   **   during Sizing 0 times.
   *************  **   ~~~   **   Max=67.316164
   *************
   *************  ** Warning ** GlycolProps::getDensity: Temperature out of range (too low) for fluid [WATER] density **
   *************  **   ~~~   **   This error occurred 1721 total times;
   *************  **   ~~~   **   during Warmup 0 times;
   *************  **   ~~~   **   during Sizing 0 times.
   *************  **   ~~~   **   Max=-0.000355 {C}  Min=-6.636189 {C}
   *************
   *************  ** Warning ** Temperature out of range [-100. to 200.] (PsyPsatFnTemp)
   *************  **   ~~~   **   This error occurred 2 total times;
   *************  **   ~~~   **   during Warmup 0 times;
   *************  **   ~~~   **   during Sizing 0 times.
   *************  **   ~~~   **   Max=-206.475311 C  Min=-692.915009 C
   *************
   *************  ** Warning ** WetBulb not converged after max iterations(PsyTwbFnTdbWPb)
   *************  **   ~~~   **   This error occurred 1 total times;
   *************  **   ~~~   **   during Warmup 0 times;
   *************  **   ~~~   **   during Sizing 0 times.
   *************
   *************  ** Warning ** Plant loop exceeding upper temperature limit, PlantLoop="SINGLE WATER PLANT LOOP"
   *************  **   ~~~   **   This error occurred 211 total times;
   *************  **   ~~~   **   during Warmup 0 times;
   *************  **   ~~~   **   during Sizing 0 times.
   *************  **   ~~~   **   Max=41.281281
   *************
   *************
   ************* ===== Final Error Summary =====
   ************* The following error categories occurred.  Consider correcting or noting.
   ************* Nominally Unused Constructions
   ************* ..The nominally unused constructions warning is provided to alert you to potential conditions that can cause
   ************* ..extra time during simulation. Each construction is calculated by the algorithm indicated in the HeatBalanceAlgorithm
   ************* ..object. You may remove the constructions indicated (when you use the DisplayExtraWarnings option).
   *************
   ************* EnergyPlus Warmup Error Summary. During Warmup: 0 Warning; 0 Severe Errors.
   ************* EnergyPlus Sizing Error Summary. During Sizing: 1 Warning; 0 Severe Errors.
   ************* EnergyPlus Completed Successfully-- 42180086 Warning; 0 Severe Errors; Elapsed Time=00hr 10min 30.74sec
